------------------------------------------------------------
TimeQuest Timing Analyzer Summary
------------------------------------------------------------

Type  : Slow 1100mV 85C Model Setup 'n_clk'
Slack : -0.958
TNS   : -4.730

Type  : Slow 1100mV 85C Model Hold 'n_clk'
Slack : 0.569
TNS   : 0.000

Type  : Slow 1100mV 85C Model Minimum Pulse Width 'n_clk'
Slack : -0.394
TNS   : -6.898

Type  : Slow 1100mV 0C Model Setup 'n_clk'
Slack : -0.900
TNS   : -4.420

Type  : Slow 1100mV 0C Model Hold 'n_clk'
Slack : 0.601
TNS   : 0.000

Type  : Slow 1100mV 0C Model Minimum Pulse Width 'n_clk'
Slack : -0.394
TNS   : -7.018

Type  : Fast 1100mV 85C Model Setup 'n_clk'
Slack : -0.016
TNS   : -0.016

Type  : Fast 1100mV 85C Model Hold 'n_clk'
Slack : 0.388
TNS   : 0.000

Type  : Fast 1100mV 85C Model Minimum Pulse Width 'n_clk'
Slack : -0.061
TNS   : -0.615

Type  : Fast 1100mV 0C Model Setup 'n_clk'
Slack : 0.041
TNS   : 0.000

Type  : Fast 1100mV 0C Model Hold 'n_clk'
Slack : 0.369
TNS   : 0.000

Type  : Fast 1100mV 0C Model Minimum Pulse Width 'n_clk'
Slack : -0.073
TNS   : -0.766

------------------------------------------------------------
